../Core/Src/main.c:46:6:HAL_TIM_PeriodElapsedCallback	16	static
../Core/Src/main.c:81:5:main	16	static
../Core/Src/main.c:194:6:HAL_UART_RxCpltCallback	16	static
../Core/Src/main.c:201:13:Print_Status	232	static
../Core/Src/main.c:254:6:SystemClock_Config	88	static
../Core/Src/main.c:301:13:MX_ADC1_Init	24	static
../Core/Src/main.c:349:13:MX_TIM1_Init	96	static
../Core/Src/main.c:424:13:MX_TIM2_Init	32	static
../Core/Src/main.c:469:13:MX_TIM3_Init	32	static
../Core/Src/main.c:524:13:MX_USART1_UART_Init	8	static
../Core/Src/main.c:557:13:MX_GPIO_Init	40	static
../Core/Src/main.c:616:6:Error_Handler	4	static,ignoring_inline_asm
