../Core/Src/main.c:46:6:HAL_TIM_PeriodElapsedCallback	3
../Core/Src/main.c:81:5:main	4
../Core/Src/main.c:194:6:HAL_UART_RxCpltCallback	2
../Core/Src/main.c:201:13:Print_Status	1
../Core/Src/main.c:254:6:SystemClock_Config	4
../Core/Src/main.c:301:13:MX_ADC1_Init	3
../Core/Src/main.c:349:13:MX_TIM1_Init	7
../Core/Src/main.c:424:13:MX_TIM2_Init	4
../Core/Src/main.c:469:13:MX_TIM3_Init	4
../Core/Src/main.c:524:13:MX_USART1_UART_Init	2
../Core/Src/main.c:557:13:MX_GPIO_Init	1
../Core/Src/main.c:616:6:Error_Handler	1
